System Memory Usage Report - Sat Oct 18 16:25:49 UTC 2025
==================================

Memory Summary:
               total        used        free      shared  buff/cache   available
Mem:           534Mi       285Mi        42Mi        36Ki       216Mi       248Mi
Swap:             0B          0B          0B

Detailed Memory Info:
MemTotal:         546884 kB
MemFree:           43680 kB
MemAvailable:     254176 kB
Buffers:            1164 kB
Cached:           197944 kB
SwapCached:            0 kB
Active:           266164 kB
Inactive:         184248 kB
Active(anon):     251312 kB
Inactive(anon):       20 kB
Active(file):      14852 kB
Inactive(file):   184228 kB
Unevictable:           0 kB
Mlocked:               0 kB
SwapTotal:             0 kB
SwapFree:              0 kB
Dirty:               112 kB
Writeback:             0 kB
AnonPages:        251340 kB
Mapped:            81588 kB
Shmem:                36 kB
Slab:              33828 kB
SReclaimable:      23008 kB
SUnreclaim:        10820 kB
KernelStack:        1424 kB
PageTables:         1380 kB
NFS_Unstable:          0 kB
Bounce:                0 kB
WritebackTmp:          0 kB
CommitLimit:      273440 kB
Committed_AS:     458520 kB
VmallocTotal:   34359738367 kB
VmallocUsed:           0 kB
VmallocChunk:          0 kB
Percpu:              384 kB
AnonHugePages:         0 kB
ShmemHugePages:        0 kB
ShmemPmdMapped:        0 kB
HugePages_Total:       0
HugePages_Free:        0
HugePages_Rsvd:        0
HugePages_Surp:        0
Hugepagesize:       2048 kB
Hugetlb:               0 kB
DirectMap4k:       10240 kB
DirectMap2M:      948224 kB
DirectMap1G:           0 kB

Report generated on: Sat Oct 18 16:25:49 UTC 2025
