#!/bin/bash
# Memory Usage Report - Generated on Tue Oct 21 14:29:31 UTC 2025

# Memory usage summary:
               total        used        free      shared  buff/cache   available
Mem:           534Mi       285Mi        43Mi        36Ki       216Mi       248Mi
Swap:             0B          0B          0B

# Detailed memory information:
MemTotal:         546884 kB
MemFree:           43992 kB
MemAvailable:     254144 kB
Buffers:            1160 kB
Cached:           197496 kB
SwapCached:            0 kB
Active:           265716 kB
Inactive:         184476 kB
Active(anon):     251548 kB
Inactive(anon):       20 kB
Active(file):      14168 kB
Inactive(file):   184456 kB
Unevictable:           0 kB
Mlocked:               0 kB
SwapTotal:             0 kB
SwapFree:              0 kB
Dirty:               108 kB
Writeback:             0 kB
AnonPages:        251520 kB
Mapped:            81512 kB
Shmem:                36 kB
Slab:              33884 kB
SReclaimable:      23124 kB
SUnreclaim:        10760 kB
KernelStack:        1404 kB
PageTables:         1416 kB
NFS_Unstable:          0 kB
Bounce:                0 kB
WritebackTmp:          0 kB
CommitLimit:      273440 kB
Committed_AS:     468868 kB
VmallocTotal:   34359738367 kB
VmallocUsed:           0 kB
VmallocChunk:          0 kB
Percpu:              384 kB
AnonHugePages:         0 kB
ShmemHugePages:        0 kB
ShmemPmdMapped:        0 kB
HugePages_Total:       0
HugePages_Free:        0
HugePages_Rsvd:        0
HugePages_Surp:        0
Hugepagesize:       2048 kB
Hugetlb:               0 kB
DirectMap4k:        8192 kB
DirectMap2M:      950272 kB
DirectMap1G:           0 kB

# Swap usage:
